******************************************************************************
                  TI ARM Linker PC v18.12.1                    
******************************************************************************
>> Linked Wed May  1 17:35:37 2019

OUTPUT FILE NAME:   <Project 2.out>
ENTRY POINT SYMBOL: "_c_int00_noargs"  address: 00000b0d


MEMORY CONFIGURATION

         name            origin    length      used     unused   attr    fill
----------------------  --------  ---------  --------  --------  ----  --------
  MAIN                  00000000   00040000  00000b8c  0003f474  R  X
  INFO                  00200000   00004000  00000000  00004000  R  X
  SRAM_CODE             01000000   00010000  00000205  0000fdfb  RW X
  SRAM_DATA             20000000   00010000  00000205  0000fdfb  RW  


SEGMENT ALLOCATION MAP

run origin  load origin   length   init length attrs members
----------  ----------- ---------- ----------- ----- -------
00000000    00000000    00000b8c   00000b8c    r-x
  00000000    00000000    000000e4   000000e4    r-- .intvecs
  000000e4    000000e4    00000a80   00000a80    r-x .text
  00000b64    00000b64    0000000c   0000000c    r-- .const
  00000b70    00000b70    0000001c   0000001c    r-- .cinit
20000000    20000000    00000005   00000000    rw-
  20000000    20000000    00000005   00000000    rw- .data
2000fe00    2000fe00    00000200   00000000    rw-
  2000fe00    2000fe00    00000200   00000000    rw- .stack


SECTION ALLOCATION MAP

 output                                  attributes/
section   page    origin      length       input sections
--------  ----  ----------  ----------   ----------------
.intvecs   0    00000000    000000e4     
                  00000000    000000e4     startup_msp432p401r_ccs.obj (.intvecs:retain)

.text      0    000000e4    00000a80     
                  000000e4    00000414     utils.obj (.text)
                  000004f8    00000334     system_msp432p401r.obj (.text)
                  0000082c    000000fc     spi.obj (.text)
                  00000928    0000009c     main.obj (.text)
                  000009c4    0000009c     rtsv7M4_T_le_v4SPD16_eabi.lib : memcpy_t2.asm.obj (.text)
                  00000a60    00000068                                   : copy_decompress_lzss.c.obj (.text:decompress:lzss:__TI_decompress_lzss)
                  00000ac8    00000044                                   : autoinit.c.obj (.text:__TI_auto_init_nobinit_nopinit:__TI_auto_init_nobinit_nopinit)
                  00000b0c    00000034                                   : boot_cortex_m.c.obj (.text:_c_int00_noargs:_c_int00_noargs)
                  00000b40    0000000e                                   : copy_decompress_none.c.obj (.text:decompress:none:__TI_decompress_none)
                  00000b4e    0000000e     startup_msp432p401r_ccs.obj (.text)
                  00000b5c    00000004     rtsv7M4_T_le_v4SPD16_eabi.lib : pre_init.c.obj (.text:_system_pre_init)
                  00000b60    00000004                                   : exit.c.obj (.text:abort:abort)

.const     0    00000b64    0000000c     
                  00000b64    0000000c     spi.obj (.const:spi)

.cinit     0    00000b70    0000001c     
                  00000b70    00000009     (.cinit..data.load) [load image, compression = lzss]
                  00000b79    00000003     --HOLE-- [fill = 0]
                  00000b7c    00000008     (__TI_handler_table)
                  00000b84    00000008     (__TI_cinit_table)

.init_array 
*          0    00000000    00000000     UNINITIALIZED

.binit     0    00000000    00000000     

.data      0    20000000    00000005     UNINITIALIZED
                  20000000    00000004     system_msp432p401r.obj (.data)
                  20000004    00000001     main.obj (.data)

.stack     0    2000fe00    00000200     UNINITIALIZED
                  2000fe00    00000004     rtsv7M4_T_le_v4SPD16_eabi.lib : boot_cortex_m.c.obj (.stack)
                  2000fe04    000001fc     --HOLE--

MODULE SUMMARY

       Module                        code   ro data   rw data
       ------                        ----   -------   -------
    .\
       utils.obj                     1044   0         0      
       system_msp432p401r.obj        820    0         8      
       spi.obj                       252    12        0      
       startup_msp432p401r_ccs.obj   14     228       0      
       main.obj                      156    0         2      
    +--+-----------------------------+------+---------+---------+
       Total:                        2286   240       10     
                                                             
    C:\ti\ccs900\ccs\tools\compiler\ti-cgt-arm_18.12.1.LTS\lib\rtsv7M4_T_le_v4SPD16_eabi.lib
       memcpy_t2.asm.obj             156    0         0      
       copy_decompress_lzss.c.obj    104    0         0      
       autoinit.c.obj                68     0         0      
       boot_cortex_m.c.obj           52     0         0      
       copy_decompress_none.c.obj    14     0         0      
       exit.c.obj                    4      0         0      
       pre_init.c.obj                4      0         0      
    +--+-----------------------------+------+---------+---------+
       Total:                        402    0         0      
                                                             
       Stack:                        0      0         1024   
       Linker Generated:             0      25        0      
    +--+-----------------------------+------+---------+---------+
       Grand Total:                  2688   265       1034   


LINKER GENERATED COPY TABLES

__TI_cinit_table @ 00000b84 records: 1, size/record: 8, table size: 8
	.data: load addr=00000b70, load size=00000009 bytes, run addr=20000000, run size=00000005 bytes, compression=lzss


LINKER GENERATED HANDLER TABLE

__TI_handler_table @ 00000b7c records: 2, size/record: 4, table size: 8
	index: 0, handler: __TI_decompress_lzss
	index: 1, handler: __TI_decompress_none


GLOBAL SYMBOLS: SORTED ALPHABETICALLY BY Name 

address   name                          
-------   ----                          
00000b5b  ADC14_IRQHandler              
00000b5b  AES256_IRQHandler             
00000b5b  BusFault_Handler              
00000b61  C$$EXIT                       
00000b5b  COMP_E0_IRQHandler            
00000b5b  COMP_E1_IRQHandler            
00000b5b  CS_IRQHandler                 
000008b7  DAC_send                      
00000b5b  DMA_ERR_IRQHandler            
00000b5b  DMA_INT0_IRQHandler           
00000b5b  DMA_INT1_IRQHandler           
00000b5b  DMA_INT2_IRQHandler           
00000b5b  DMA_INT3_IRQHandler           
00000b5b  DebugMon_Handler              
00000b5b  Default_Handler               
00000b5b  EUSCIA0_IRQHandler            
00000b5b  EUSCIA1_IRQHandler            
00000b5b  EUSCIA2_IRQHandler            
00000b5b  EUSCIA3_IRQHandler            
00000b5b  EUSCIB0_IRQHandler            
00000b5b  EUSCIB1_IRQHandler            
00000b5b  EUSCIB2_IRQHandler            
00000b5b  EUSCIB3_IRQHandler            
00000b5b  FLCTL_IRQHandler              
00000b5b  FPU_IRQHandler                
00000b5b  HardFault_Handler             
00000b5b  MemManage_Handler             
00000b5b  NMI_Handler                   
00000b5b  PCM_IRQHandler                
00000b5b  PORT1_IRQHandler              
00000b5b  PORT2_IRQHandler              
00000b5b  PORT3_IRQHandler              
00000b5b  PORT4_IRQHandler              
00000b5b  PORT5_IRQHandler              
00000b5b  PORT6_IRQHandler              
00000b5b  PSS_IRQHandler                
00000b5b  PendSV_Handler                
00000b5b  RTC_C_IRQHandler              
00000b4f  Reset_Handler                 
0000082d  SPI_init                      
0000089b  SPI_tx                        
00000b5b  SVC_Handler                   
00000b5b  SysTick_Handler               
20000000  SystemCoreClock               
000004f9  SystemCoreClockUpdate         
00000771  SystemInit                    
00000b5b  T32_INT1_IRQHandler           
00000b5b  T32_INT2_IRQHandler           
00000b5b  T32_INTC_IRQHandler           
00000955  TA0_0_IRQHandler              
00000955  TA0_0_IRQHandler              
00000993  TA0_N_IRQHandler              
00000993  TA0_N_IRQHandler              
00000b5b  TA1_0_IRQHandler              
00000b5b  TA1_N_IRQHandler              
00000b5b  TA2_0_IRQHandler              
00000b5b  TA2_N_IRQHandler              
00000b5b  TA3_0_IRQHandler              
00000b5b  TA3_N_IRQHandler              
00000b5b  UsageFault_Handler            
4000480c  WDTCTL_SYM                    
00000b5b  WDT_A_IRQHandler              
20010000  __STACK_END                   
00000200  __STACK_SIZE                  
00000b84  __TI_CINIT_Base               
00000b8c  __TI_CINIT_Limit              
00000b7c  __TI_Handler_Table_Base       
00000b84  __TI_Handler_Table_Limit      
00000ac9  __TI_auto_init_nobinit_nopinit
00000a61  __TI_decompress_lzss          
00000b41  __TI_decompress_none          
ffffffff  __TI_pprof_out_hndl           
ffffffff  __TI_prof_data_size           
ffffffff  __TI_prof_data_start          
00000000  __TI_static_base__            
000009c5  __aeabi_memcpy                
000009c5  __aeabi_memcpy4               
000009c5  __aeabi_memcpy8               
ffffffff  __binit__                     
ffffffff  __c_args__                    
UNDEFED   __mpu_init                    
2000fe00  __stack                       
00000b0d  _c_int00_noargs               
UNDEFED   _system_post_cinit            
00000b5d  _system_pre_init              
00000b61  abort                         
ffffffff  binit                         
000002bd  delay_us                      
00000000  interruptVectors              
00000929  main                          
000009c5  memcpy                        
00000249  setDCO                        
00000197  setGPIO_even                  
000000e5  setGPIO_odd                   
00000b64  spi                           
20000004  squareLow                     


GLOBAL SYMBOLS: SORTED BY Symbol Address 

address   name                          
-------   ----                          
00000000  __TI_static_base__            
00000000  interruptVectors              
000000e5  setGPIO_odd                   
00000197  setGPIO_even                  
00000200  __STACK_SIZE                  
00000249  setDCO                        
000002bd  delay_us                      
000004f9  SystemCoreClockUpdate         
00000771  SystemInit                    
0000082d  SPI_init                      
0000089b  SPI_tx                        
000008b7  DAC_send                      
00000929  main                          
00000955  TA0_0_IRQHandler              
00000955  TA0_0_IRQHandler              
00000993  TA0_N_IRQHandler              
00000993  TA0_N_IRQHandler              
000009c5  __aeabi_memcpy                
000009c5  __aeabi_memcpy4               
000009c5  __aeabi_memcpy8               
000009c5  memcpy                        
00000a61  __TI_decompress_lzss          
00000ac9  __TI_auto_init_nobinit_nopinit
00000b0d  _c_int00_noargs               
00000b41  __TI_decompress_none          
00000b4f  Reset_Handler                 
00000b5b  ADC14_IRQHandler              
00000b5b  AES256_IRQHandler             
00000b5b  BusFault_Handler              
00000b5b  COMP_E0_IRQHandler            
00000b5b  COMP_E1_IRQHandler            
00000b5b  CS_IRQHandler                 
00000b5b  DMA_ERR_IRQHandler            
00000b5b  DMA_INT0_IRQHandler           
00000b5b  DMA_INT1_IRQHandler           
00000b5b  DMA_INT2_IRQHandler           
00000b5b  DMA_INT3_IRQHandler           
00000b5b  DebugMon_Handler              
00000b5b  Default_Handler               
00000b5b  EUSCIA0_IRQHandler            
00000b5b  EUSCIA1_IRQHandler            
00000b5b  EUSCIA2_IRQHandler            
00000b5b  EUSCIA3_IRQHandler            
00000b5b  EUSCIB0_IRQHandler            
00000b5b  EUSCIB1_IRQHandler            
00000b5b  EUSCIB2_IRQHandler            
00000b5b  EUSCIB3_IRQHandler            
00000b5b  FLCTL_IRQHandler              
00000b5b  FPU_IRQHandler                
00000b5b  HardFault_Handler             
00000b5b  MemManage_Handler             
00000b5b  NMI_Handler                   
00000b5b  PCM_IRQHandler                
00000b5b  PORT1_IRQHandler              
00000b5b  PORT2_IRQHandler              
00000b5b  PORT3_IRQHandler              
00000b5b  PORT4_IRQHandler              
00000b5b  PORT5_IRQHandler              
00000b5b  PORT6_IRQHandler              
00000b5b  PSS_IRQHandler                
00000b5b  PendSV_Handler                
00000b5b  RTC_C_IRQHandler              
00000b5b  SVC_Handler                   
00000b5b  SysTick_Handler               
00000b5b  T32_INT1_IRQHandler           
00000b5b  T32_INT2_IRQHandler           
00000b5b  T32_INTC_IRQHandler           
00000b5b  TA1_0_IRQHandler              
00000b5b  TA1_N_IRQHandler              
00000b5b  TA2_0_IRQHandler              
00000b5b  TA2_N_IRQHandler              
00000b5b  TA3_0_IRQHandler              
00000b5b  TA3_N_IRQHandler              
00000b5b  UsageFault_Handler            
00000b5b  WDT_A_IRQHandler              
00000b5d  _system_pre_init              
00000b61  C$$EXIT                       
00000b61  abort                         
00000b64  spi                           
00000b7c  __TI_Handler_Table_Base       
00000b84  __TI_CINIT_Base               
00000b84  __TI_Handler_Table_Limit      
00000b8c  __TI_CINIT_Limit              
20000000  SystemCoreClock               
20000004  squareLow                     
2000fe00  __stack                       
20010000  __STACK_END                   
4000480c  WDTCTL_SYM                    
ffffffff  __TI_pprof_out_hndl           
ffffffff  __TI_prof_data_size           
ffffffff  __TI_prof_data_start          
ffffffff  __binit__                     
ffffffff  __c_args__                    
ffffffff  binit                         
UNDEFED   __mpu_init                    
UNDEFED   _system_post_cinit            

[96 symbols]
